// 重构日志: e38458bb
// 重构日志: f2c7307d
// 重构日志: dc1c855e
// 重构日志: 57f967cd
// 同步 ID: 68858f60 @ Fri Jul 24 18:40:15 UTC 2026
// 同步 ID: ef4e5a35 @ Sat Jul 25 15:49:57 UTC 2026
// 同步 ID: a9c415b0 @ Sat Jul 25 22:04:51 UTC 2026
// 同步 ID: 1c429afd @ Mon Jul 27 08:42:49 UTC 2026
// 重构日志: 00b8553e
// 重构日志: b6262e41
// 同步 ID: e32de5e4 @ Tue Jul 28 10:41:31 UTC 2026
// 重构日志: 17460183
// 重构日志: ebe2d85c
// 重构日志: 86eeb401
// 重构日志: 1d83c70e
// 同步 ID: b1c2311a @ Wed Jul 29 06:47:53 UTC 2026
// 重构日志: bc1f51c4
// 重构日志: 9f253f1c
// 重构日志: 3a5174ee
// 同步 ID: 7fd32743 @ Sat Aug  1 00:21:38 UTC 2026
// 同步 ID: 9f77d01c @ Sat Aug  1 09:23:21 UTC 2026
// 重构日志: eff0eeb9
// 重构日志: b5b22c26
// 重构日志: 5403009c
// 重构日志: af7791e2
// 重构日志: 45c16f1c
// 重构日志: 7ac01d62
// 重构日志: 36618e01
// 重构日志: ab917827
// 同步 ID: eb419d02 @ Fri Aug  7 06:45:22 UTC 2026
// 重构日志: da91331c
// 重构日志: c1e0ede7
// 重构日志: f1b58654
// 重构日志: cde8329c
// 重构日志: 9572e12a
// 重构日志: 5ad9a8b7
